Archive member included to satisfy reference by file (symbol)

/Applications/STM32CubeIDE.app/Contents/Eclipse/plugins/com.st.stm32cube.ide.mcu.externaltools.gnu-tools-for-stm32.13.3.rel1.macos64_1.0.0.202411102158/tools/bin/../lib/gcc/arm-none-eabi/13.3.1/../../../../arm-none-eabi/lib/thumb/v8-m.main+fp/hard/libc_nano.a(libc_a-exit.o)
                              /Applications/STM32CubeIDE.app/Contents/Eclipse/plugins/com.st.stm32cube.ide.mcu.externaltools.gnu-tools-for-stm32.13.3.rel1.macos64_1.0.0.202411102158/tools/bin/../lib/gcc/arm-none-eabi/13.3.1/../../../../arm-none-eabi/lib/thumb/v8-m.main+fp/hard/crt0.o (exit)
/Applications/STM32CubeIDE.app/Contents/Eclipse/plugins/com.st.stm32cube.ide.mcu.externaltools.gnu-tools-for-stm32.13.3.rel1.macos64_1.0.0.202411102158/tools/bin/../lib/gcc/arm-none-eabi/13.3.1/../../../../arm-none-eabi/lib/thumb/v8-m.main+fp/hard/libc_nano.a(libc_a-rand.o)
                              ./Src/project.o (srand)
/Applications/STM32CubeIDE.app/Contents/Eclipse/plugins/com.st.stm32cube.ide.mcu.externaltools.gnu-tools-for-stm32.13.3.rel1.macos64_1.0.0.202411102158/tools/bin/../lib/gcc/arm-none-eabi/13.3.1/../../../../arm-none-eabi/lib/thumb/v8-m.main+fp/hard/libc_nano.a(libc_a-findfp.o)
                              /Applications/STM32CubeIDE.app/Contents/Eclipse/plugins/com.st.stm32cube.ide.mcu.externaltools.gnu-tools-for-stm32.13.3.rel1.macos64_1.0.0.202411102158/tools/bin/../lib/gcc/arm-none-eabi/13.3.1/../../../../arm-none-eabi/lib/thumb/v8-m.main+fp/hard/libc_nano.a(libc_a-exit.o) (__stdio_exit_handler)
/Applications/STM32CubeIDE.app/Contents/Eclipse/plugins/com.st.stm32cube.ide.mcu.externaltools.gnu-tools-for-stm32.13.3.rel1.macos64_1.0.0.202411102158/tools/bin/../lib/gcc/arm-none-eabi/13.3.1/../../../../arm-none-eabi/lib/thumb/v8-m.main+fp/hard/libc_nano.a(libc_a-fwalk.o)
                              /Applications/STM32CubeIDE.app/Contents/Eclipse/plugins/com.st.stm32cube.ide.mcu.externaltools.gnu-tools-for-stm32.13.3.rel1.macos64_1.0.0.202411102158/tools/bin/../lib/gcc/arm-none-eabi/13.3.1/../../../../arm-none-eabi/lib/thumb/v8-m.main+fp/hard/libc_nano.a(libc_a-findfp.o) (_fwalk_sglue)
/Applications/STM32CubeIDE.app/Contents/Eclipse/plugins/com.st.stm32cube.ide.mcu.externaltools.gnu-tools-for-stm32.13.3.rel1.macos64_1.0.0.202411102158/tools/bin/../lib/gcc/arm-none-eabi/13.3.1/../../../../arm-none-eabi/lib/thumb/v8-m.main+fp/hard/libc_nano.a(libc_a-printf.o)
                              ./Src/practice2_timers.o (printf)
/Applications/STM32CubeIDE.app/Contents/Eclipse/plugins/com.st.stm32cube.ide.mcu.externaltools.gnu-tools-for-stm32.13.3.rel1.macos64_1.0.0.202411102158/tools/bin/../lib/gcc/arm-none-eabi/13.3.1/../../../../arm-none-eabi/lib/thumb/v8-m.main+fp/hard/libc_nano.a(libc_a-puts.o)
                              ./Src/practice2_timers.o (puts)
/Applications/STM32CubeIDE.app/Contents/Eclipse/plugins/com.st.stm32cube.ide.mcu.externaltools.gnu-tools-for-stm32.13.3.rel1.macos64_1.0.0.202411102158/tools/bin/../lib/gcc/arm-none-eabi/13.3.1/../../../../arm-none-eabi/lib/thumb/v8-m.main+fp/hard/libc_nano.a(libc_a-memset.o)
                              /Applications/STM32CubeIDE.app/Contents/Eclipse/plugins/com.st.stm32cube.ide.mcu.externaltools.gnu-tools-for-stm32.13.3.rel1.macos64_1.0.0.202411102158/tools/bin/../lib/gcc/arm-none-eabi/13.3.1/../../../../arm-none-eabi/lib/thumb/v8-m.main+fp/hard/crt0.o (memset)
/Applications/STM32CubeIDE.app/Contents/Eclipse/plugins/com.st.stm32cube.ide.mcu.externaltools.gnu-tools-for-stm32.13.3.rel1.macos64_1.0.0.202411102158/tools/bin/../lib/gcc/arm-none-eabi/13.3.1/../../../../arm-none-eabi/lib/thumb/v8-m.main+fp/hard/libc_nano.a(libc_a-errno.o)
                              ./Src/syscalls.o (__errno)
/Applications/STM32CubeIDE.app/Contents/Eclipse/plugins/com.st.stm32cube.ide.mcu.externaltools.gnu-tools-for-stm32.13.3.rel1.macos64_1.0.0.202411102158/tools/bin/../lib/gcc/arm-none-eabi/13.3.1/../../../../arm-none-eabi/lib/thumb/v8-m.main+fp/hard/libc_nano.a(libc_a-init.o)
                              /Applications/STM32CubeIDE.app/Contents/Eclipse/plugins/com.st.stm32cube.ide.mcu.externaltools.gnu-tools-for-stm32.13.3.rel1.macos64_1.0.0.202411102158/tools/bin/../lib/gcc/arm-none-eabi/13.3.1/../../../../arm-none-eabi/lib/thumb/v8-m.main+fp/hard/crt0.o (__libc_init_array)
/Applications/STM32CubeIDE.app/Contents/Eclipse/plugins/com.st.stm32cube.ide.mcu.externaltools.gnu-tools-for-stm32.13.3.rel1.macos64_1.0.0.202411102158/tools/bin/../lib/gcc/arm-none-eabi/13.3.1/../../../../arm-none-eabi/lib/thumb/v8-m.main+fp/hard/libc_nano.a(libc_a-time.o)
                              ./Src/project.o (time)
/Applications/STM32CubeIDE.app/Contents/Eclipse/plugins/com.st.stm32cube.ide.mcu.externaltools.gnu-tools-for-stm32.13.3.rel1.macos64_1.0.0.202411102158/tools/bin/../lib/gcc/arm-none-eabi/13.3.1/../../../../arm-none-eabi/lib/thumb/v8-m.main+fp/hard/libc_nano.a(libc_a-lock.o)
[...]
Memory Configuration

Name             Origin             Length             Attributes
RAM              0x20000000         0x00030000         xrw
RAM2             0x20030000         0x00010000         xrw
FLASH            0x08000000         0x00080000         xr
*default*        0x00000000         0xffffffff

Linker script and memory map

LOAD /Applications/STM32CubeIDE.app/Contents/Eclipse/plugins/com.st.stm32cube.ide.mcu.externaltools.gnu-tools-for-stm32.13.3.rel1.macos64_1.0.0.202411102158/tools/bin/../lib/gcc/arm-none-eabi/13.3.1/thumb/v8-m.main+fp/hard/crti.o
LOAD /Applications/STM32CubeIDE.app/Contents/Eclipse/plugins/com.st.stm32cube.ide.mcu.externaltools.gnu-tools-for-stm32.13.3.rel1.macos64_1.0.0.202411102158/tools/bin/../lib/gcc/arm-none-eabi/13.3.1/thumb/v8-m.main+fp/hard/crtbegin.o
LOAD /Applications/STM32CubeIDE.app/Contents/Eclipse/plugins/com.st.stm32cube.ide.mcu.externaltools.gnu-tools-for-stm32.13.3.rel1.macos64_1.0.0.202411102158/tools/bin/../lib/gcc/arm-none-eabi/13.3.1/../../../../arm-none-eabi/lib/thumb/v8-m.main+fp/hard/crt0.o
LOAD ./Src/main.o
LOAD ./Src/practice1_gpio.o
LOAD ./Src/practice2_timers.o
LOAD ./Src/practice3_adc.o
LOAD ./Src/project.o
LOAD ./Src/syscalls.o
LOAD ./Src/sysmem.o
LOAD ./Startup/startup_stm32l552zetxq.o
START GROUP
LOAD /Applications/STM32CubeIDE.app/Contents/Eclipse/plugins/com.st.stm32cube.ide.mcu.externaltools.gnu-tools-for-stm32.13.3.rel1.macos64_1.0.0.202411102158/tools/bin/../lib/gcc/arm-none-eabi/13.3.1/../../../../arm-none-eabi/lib/thumb/v8-m.main+fp/hard/libc_nano.a
LOAD /Applications/STM32CubeIDE.app/Contents/Eclipse/plugins/com.st.stm32cube.ide.mcu.externaltools.gnu-tools-for-stm32.13.3.rel1.macos64_1.0.0.202411102158/tools/bin/../lib/gcc/arm-none-eabi/13.3.1/../../../../arm-none-eabi/lib/thumb/v8-m.main+fp/hard/libm.a
END GROUP
START GROUP
LOAD /Applications/STM32CubeIDE.app/Contents/Eclipse/plugins/com.st.stm32cube.ide.mcu.externaltools.gnu-tools-for-stm32.13.3.rel1.macos64_1.0.0.202411102158/tools/bin/../lib/gcc/arm-none-eabi/13.3.1/thumb/v8-m.main+fp/hard/libgcc.a
LOAD /Applications/STM32CubeIDE.app/Contents/Eclipse/plugins/com.st.stm32cube.ide.mcu.externaltools.gnu-tools-for-stm32.13.3.rel1.macos64_1.0.0.202411102158/tools/bin/../lib/gcc/arm-none-eabi/13.3.1/../../../../arm-none-eabi/lib/thumb/v8-m.main+fp/hard/libc_nano.a
END GROUP
START GROUP
LOAD /Applications/STM32CubeIDE.app/Contents/Eclipse/plugins/com.st.stm32cube.ide.mcu.externaltools.gnu-tools-for-stm32.13.3.rel1.macos64_1.0.0.202411102158/tools/bin/../lib/gcc/arm-none-eabi/13.3.1/thumb/v8-m.main+fp/hard/libgcc.a
LOAD /Applications/STM32CubeIDE.app/Contents/Eclipse/plugins/com.st.stm32cube.ide.mcu.externaltools.gnu-tools-for-stm32.13.3.rel1.macos64_1.0.0.202411102158/tools/bin/../lib/gcc/arm-none-eabi/13.3.1/../../../../arm-none-eabi/lib/thumb/v8-m.main+fp/hard/libc_nano.a
LOAD /Applications/STM32CubeIDE.app/Contents/Eclipse/plugins/com.st.stm32cube.ide.mcu.externaltools.gnu-tools-for-stm32.13.3.rel1.macos64_1.0.0.202411102158/tools/bin/../lib/gcc/arm-none-eabi/13.3.1/../../../../arm-none-eabi/lib/thumb/v8-m.main+fp/hard/libnosys.a
END GROUP
START GROUP
LOAD /Applications/STM32CubeIDE.app/Contents/Eclipse/plugins/com.st.stm32cube.ide.mcu.externaltools.gnu-tools-for-stm32.13.3.rel1.macos64_1.0.0.202411102158/tools/bin/../lib/gcc/arm-none-eabi/13.3.1/thumb/v8-m.main+fp/hard/libgcc.a
LOAD /Applications/STM32CubeIDE.app/Contents/Eclipse/plugins/com.st.stm32cube.ide.mcu.externaltools.gnu-tools-for-stm32.13.3.rel1.macos64_1.0.0.202411102158/tools/bin/../lib/gcc/arm-none-eabi/13.3.1/../../../../arm-none-eabi/lib/thumb/v8-m.main+fp/hard/libc_nano.a
LOAD /Applications/STM32CubeIDE.app/Contents/Eclipse/plugins/com.st.stm32cube.ide.mcu.externaltools.gnu-tools-for-stm32.13.3.rel1.macos64_1.0.0.202411102158/tools/bin/../lib/gcc/arm-none-eabi/13.3.1/../../../../arm-none-eabi/lib/thumb/v8-m.main+fp/hard/libnosys.a
END GROUP
LOAD /Applications/STM32CubeIDE.app/Contents/Eclipse/plugins/com.st.stm32cube.ide.mcu.externaltools.gnu-tools-for-stm32.13.3.rel1.macos64_1.0.0.202411102158/tools/bin/../lib/gcc/arm-none-eabi/13.3.1/thumb/v8-m.main+fp/hard/crtend.o
LOAD /Applications/STM32CubeIDE.app/Contents/Eclipse/plugins/com.st.stm32cube.ide.mcu.externaltools.gnu-tools-for-stm32.13.3.rel1.macos64_1.0.0.202411102158/tools/bin/../lib/gcc/arm-none-eabi/13.3.1/thumb/v8-m.main+fp/hard/crtn.o
                0x20030000                        _estack = (ORIGIN (RAM) + LENGTH (RAM))
                0x00000200                        _Min_Heap_Size = 0x200
                0x00000400                        _Min_Stack_Size = 0x400

.isr_vector     0x08000000      0x1f0
                0x08000000                        . = ALIGN (0x4)
 *(.isr_vector)
 .isr_vector    0x08000000      0x1f0 ./Startup/startup_stm32l552zetxq.o
                0x08000000                g_pfnVectors
                0x080001f0                        . = ALIGN (0x4)

.text           0x080001f0      0x1c8
                0x080001f0                        . = ALIGN (0x4)
 *(.text)
 .text          0x080001f0       0x40 /Applications/STM32CubeIDE.app/Contents/Eclipse/plugins/com.st.stm32cube.ide.mcu.externaltools.gnu-tools-for-stm32.13.3.rel1.macos64_1.0.0.202411102158/tools/bin/../lib/gcc/arm-none-eabi/13.3.1/thumb/v8-m.main+fp/hard/crtbegin.o
 *(.text*)
 .text.main     0x08000230        0xe ./Src/main.o
                0x08000230                main
 *fill*         0x0800023e        0x2 
 .text.write_to_7s
                0x08000240       0x58 ./Src/practice1_gpio.o
                0x08000240                write_to_7s
 .text.practice1_main
                0x08000298       0x6c ./Src/practice1_gpio.o
                0x08000298                practice1_main
 .text.Reset_Handler
                0x08000304       0x50 ./Startup/startup_stm32l552zetxq.o
                0x08000304                Reset_Handler
 .text.Default_Handler
                0x08000354        0x2 ./Startup/startup_stm32l552zetxq.o
                0x08000354                HASH_IRQHandler
                0x08000354                TIM8_TRG_COM_IRQHandler
                0x08000354                TIM8_CC_IRQHandler
                0x08000354                EXTI5_IRQHandler
                0x08000354                DMA2_CH8_IRQHandler
                0x08000354                DebugMon_Handler
                0x08000354                FLASH_S_IRQHandler
                0x08000354                EXTI13_IRQHandler
                0x08000354                TIM1_CC_IRQHandler
                0x08000354                TSC_IRQHandler
                0x08000354                HardFault_Handler
                0x08000354                TAMP_IRQHandler
                0x08000354                TIM6_IRQHandler
                0x08000354                EXTI12_IRQHandler
                0x08000354                SysTick_Handler
                0x08000354                PendSV_Handler
                0x08000354                NMI_Handler
                0x08000354                EXTI3_IRQHandler
                0x08000354                EXTI8_IRQHandler
                0x08000354                LPTIM2_IRQHandler
                0x08000354                DFSDM1_FLT1_IRQHandler
                0x08000354                USB_FS_IRQHandler
                0x08000354                I2C3_ER_IRQHandler
                0x08000354                DFSDM1_FLT2_IRQHandler
                0x08000354                LPTIM3_IRQHandler
                0x08000354                EXTI0_IRQHandler
                0x08000354                I2C2_EV_IRQHandler
                0x08000354                DMA2_CH1_IRQHandler
                0x08000354                FDCAN1_IT1_IRQHandler
                0x08000354                DMA2_CH7_IRQHandler
                0x08000354                UsageFault_Handler
                0x08000354                ADC1_2_IRQHandler
                0x08000354                SPI1_IRQHandler
                0x08000354                OCTOSPI1_IRQHandler
                0x08000354                TIM8_UP_IRQHandler
                0x08000354                RCC_S_IRQHandler
                0x08000354                DMA1_Channel4_IRQHandler
                0x08000354                SAI2_IRQHandler
                0x08000354                DFSDM1_FLT3_IRQHandler
                0x08000354                EXTI15_IRQHandler
                0x08000354                TIM17_IRQHandler
                0x08000354                USART3_IRQHandler
                0x08000354                RTC_IRQHandler
                0x08000354                EXTI9_IRQHandler
                0x08000354                DMA1_Channel7_IRQHandler
                0x08000354                UART5_IRQHandler
                0x08000354                TIM4_IRQHandler
                0x08000354                I2C1_EV_IRQHandler
                0x08000354                DMA2_CH5_IRQHandler
                0x08000354                DMAMUX1_OVR_IRQHandler
                0x08000354                DMA1_Channel6_IRQHandler
                0x08000354                TIM16_IRQHandler
                0x08000354                UART4_IRQHandler
                0x08000354                SecureFault_Handler
                0x08000354                TIM3_IRQHandler
                0x08000354                RCC_IRQHandler
                0x08000354                TIM1_TRG_COM_IRQHandler
                0x08000354                DMA1_Channel1_IRQHandler
                0x08000354                Default_Handler
                0x08000354                DMAMUX1_OVR_S_IRQHandler
                0x08000354                DMA1_Channel8_IRQHandler
                0x08000354                TIM7_IRQHandler
                0x08000354                SDMMC1_IRQHandler
                0x08000354                TIM5_IRQHandler
                0x08000354                UCPD1_IRQHandler
                0x08000354                TIM15_IRQHandler
                0x08000354                I2C3_EV_IRQHandler
                0x08000354                PVD_PVM_IRQHandler
                0x08000354                SPI2_IRQHandler
                0x08000354                MemManage_Handler
                0x08000354                EXTI14_IRQHandler
                0x08000354                EXTI11_IRQHandler
                0x08000354                SVC_Handler
                0x08000354                CRS_IRQHandler
                0x08000354                DMA1_Channel5_IRQHandler
                0x08000354                EXTI4_IRQHandler
                0x08000354                RTC_S_IRQHandler
                0x08000354                RNG_IRQHandler
                0x08000354                DMA1_Channel3_IRQHandler
                0x08000354                COMP_IRQHandler
                0x08000354                TIM1_UP_IRQHandler
                0x08000354                WWDG_IRQHandler
                0x08000354                I2C4_EV_IRQHandler
                0x08000354                LPUART1_IRQHandler
                0x08000354                FDCAN1_IT0_IRQHandler
                0x08000354                TIM2_IRQHandler
                0x08000354                TAMP_S_IRQHandler
                0x08000354                EXTI7_IRQHandler
                0x08000354                TIM1_BRK_IRQHandler
                0x08000354                DAC_IRQHandler
                0x08000354                EXTI1_IRQHandler
                0x08000354                GTZC_IRQHandler
                0x08000354                USART2_IRQHandler
                0x08000354                DFSDM1_FLT0_IRQHandler
                0x08000354                I2C2_ER_IRQHandler
                0x08000354                DMA1_Channel2_IRQHandler
                0x08000354                TIM8_BRK_IRQHandler
                0x08000354                FLASH_IRQHandler
                0x08000354                BusFault_Handler
                0x08000354                USART1_IRQHandler
                0x08000354                EXTI10_IRQHandler
                0x08000354                SPI3_IRQHandler
                0x08000354                DMA2_CH6_IRQHandler
                0x08000354                DMA2_CH3_IRQHandler
                0x08000354                DMA2_CH2_IRQHandler
                0x08000354                I2C1_ER_IRQHandler
                0x08000354                FMC_IRQHandler
                0x08000354                DMA2_CH4_IRQHandler
                0x08000354                EXTI6_IRQHandler
                0x08000354                LPTIM1_IRQHandler
                0x08000354                I2C4_ER_IRQHandler
                0x08000354                ICACHE_IRQHandler
                0x08000354                SAI1_IRQHandler
                0x08000354                EXTI2_IRQHandler
 *fill*         0x08000356        0x2 
 .text.__libc_init_array
                0x08000358       0x48 /Applications/STM32CubeIDE.app/Contents/Eclipse/plugins/com.st.stm32cube.ide.mcu.externaltools.gnu-tools-for-stm32.13.3.rel1.macos64_1.0.0.202411102158/tools/bin/../lib/gcc/arm-none-eabi/13.3.1/../../../../arm-none-eabi/lib/thumb/v8-m.main+fp/hard/libc_nano.a(libc_a-init.o)
                0x08000358                __libc_init_array
 *(.glue_7)
 .glue_7        0x080003a0        0x0 linker stubs
 *(.glue_7t)
 .glue_7t       0x080003a0        0x0 linker stubs
 *(.eh_frame)
 .eh_frame      0x080003a0        0x0 /Applications/STM32CubeIDE.app/Contents/Eclipse/plugins/com.st.stm32cube.ide.mcu.externaltools.gnu-tools-for-stm32.13.3.rel1.macos64_1.0.0.202411102158/tools/bin/../lib/gcc/arm-none-eabi/13.3.1/thumb/v8-m.main+fp/hard/crtbegin.o
 *(.init)
 .init          0x080003a0        0x4 /Applications/STM32CubeIDE.app/Contents/Eclipse/plugins/com.st.stm32cube.ide.mcu.externaltools.gnu-tools-for-stm32.13.3.rel1.macos64_1.0.0.202411102158/tools/bin/../lib/gcc/arm-none-eabi/13.3.1/thumb/v8-m.main+fp/hard/crti.o
                0x080003a0                _init
 .init          0x080003a4        0x8 /Applications/STM32CubeIDE.app/Contents/Eclipse/plugins/com.st.stm32cube.ide.mcu.externaltools.gnu-tools-for-stm32.13.3.rel1.macos64_1.0.0.202411102158/tools/bin/../lib/gcc/arm-none-eabi/13.3.1/thumb/v8-m.main+fp/hard/crtn.o
 *(.fini)
 .fini          0x080003ac        0x4 /Applications/STM32CubeIDE.app/Contents/Eclipse/plugins/com.st.stm32cube.ide.mcu.externaltools.gnu-tools-for-stm32.13.3.rel1.macos64_1.0.0.202411102158/tools/bin/../lib/gcc/arm-none-eabi/13.3.1/thumb/v8-m.main+fp/hard/crti.o
                0x080003ac                _fini
 .fini          0x080003b0        0x8 /Applications/STM32CubeIDE.app/Contents/Eclipse/plugins/com.st.stm32cube.ide.mcu.externaltools.gnu-tools-for-stm32.13.3.rel1.macos64_1.0.0.202411102158/tools/bin/../lib/gcc/arm-none-eabi/13.3.1/thumb/v8-m.main+fp/hard/crtn.o
                0x080003b8                        . = ALIGN (0x4)
                0x080003b8                        _etext = .

.vfp11_veneer   0x080003b8        0x0
 .vfp11_veneer  0x080003b8        0x0 linker stubs

.v4_bx          0x080003b8        0x0
 .v4_bx         0x080003b8        0x0 linker stubs

.iplt           0x080003b8        0x0
 .iplt          0x080003b8        0x0 /Applications/STM32CubeIDE.app/Contents/Eclipse/plugins/com.st.stm32cube.ide.mcu.externaltools.gnu-tools-for-stm32.13.3.rel1.macos64_1.0.0.202411102158/tools/bin/../lib/gcc/arm-none-eabi/13.3.1/thumb/v8-m.main+fp/hard/crtbegin.o

.rodata         0x080003b8        0xc
                0x080003b8                        . = ALIGN (0x4)
 *(.rodata)
 *(.rodata*)
 .rodata.seven_segment.0
                0x080003b8        0xa ./Src/practice1_gpio.o
                0x080003c4                        . = ALIGN (0x4)
 *fill*         0x080003c2        0x2 

.ARM.extab      0x080003c4        0x0
                0x080003c4                        . = ALIGN (0x4)
 *(.ARM.extab* .gnu.linkonce.armextab.*)
                0x080003c4                        . = ALIGN (0x4)

.ARM            0x080003c4        0x0
                0x080003c4                        . = ALIGN (0x4)
                0x080003c4                        __exidx_start = .
 *(.ARM.exidx*)
                0x080003c4                        __exidx_end = .
                0x080003c4                        . = ALIGN (0x4)

.preinit_array  0x080003c4        0x0
                0x080003c4                        . = ALIGN (0x4)
                0x080003c4                        PROVIDE (__preinit_array_start = .)
 *(.preinit_array*)
                0x080003c4                        PROVIDE (__preinit_array_end = .)
                0x080003c4                        . = ALIGN (0x4)

.init_array     0x080003c4        0x4
                0x080003c4                        . = ALIGN (0x4)
                0x080003c4                        PROVIDE (__init_array_start = .)
 *(SORT_BY_NAME(.init_array.*))
 *(.init_array*)
 .init_array    0x080003c4        0x4 /Applications/STM32CubeIDE.app/Contents/Eclipse/plugins/com.st.stm32cube.ide.mcu.externaltools.gnu-tools-for-stm32.13.3.rel1.macos64_1.0.0.202411102158/tools/bin/../lib/gcc/arm-none-eabi/13.3.1/thumb/v8-m.main+fp/hard/crtbegin.o
                0x080003c8                        PROVIDE (__init_array_end = .)
                0x080003c8                        . = ALIGN (0x4)

.fini_array     0x080003c8        0x4
                0x080003c8                        . = ALIGN (0x4)
                [!provide]                        PROVIDE (__fini_array_start = .)
 *(SORT_BY_NAME(.fini_array.*))
 *(.fini_array*)
 .fini_array    0x080003c8        0x4 /Applications/STM32CubeIDE.app/Contents/Eclipse/plugins/com.st.stm32cube.ide.mcu.externaltools.gnu-tools-for-stm32.13.3.rel1.macos64_1.0.0.202411102158/tools/bin/../lib/gcc/arm-none-eabi/13.3.1/thumb/v8-m.main+fp/hard/crtbegin.o
                [!provide]                        PROVIDE (__fini_array_end = .)
                0x080003cc                        . = ALIGN (0x4)
                0x080003cc                        _sidata = LOADADDR (.data)

.rel.dyn        0x080003cc        0x0
 .rel.iplt      0x080003cc        0x0 /Applications/STM32CubeIDE.app/Contents/Eclipse/plugins/com.st.stm32cube.ide.mcu.externaltools.gnu-tools-for-stm32.13.3.rel1.macos64_1.0.0.202411102158/tools/bin/../lib/gcc/arm-none-eabi/13.3.1/thumb/v8-m.main+fp/hard/crtbegin.o

.data           0x20000000        0x0 load address 0x080003cc
                0x20000000                        . = ALIGN (0x4)
                0x20000000                        _sdata = .
 *(.data)
 *(.data*)
 *(.RamFunc)
 *(.RamFunc*)
                0x20000000                        . = ALIGN (0x4)
                0x20000000                        _edata = .

.igot.plt       0x20000000        0x0 load address 0x080003cc
 .igot.plt      0x20000000        0x0 /Applications/STM32CubeIDE.app/Contents/Eclipse/plugins/com.st.stm32cube.ide.mcu.externaltools.gnu-tools-for-stm32.13.3.rel1.macos64_1.0.0.202411102158/tools/bin/../lib/gcc/arm-none-eabi/13.3.1/thumb/v8-m.main+fp/hard/crtbegin.o
                0x20000000                        . = ALIGN (0x4)

.bss            0x20000000       0x1c load address 0x080003cc
                0x20000000                        _sbss = .
                0x20000000                        __bss_start__ = _sbss
 *(.bss)
 .bss           0x20000000       0x1c /Applications/STM32CubeIDE.app/Contents/Eclipse/plugins/com.st.stm32cube.ide.mcu.externaltools.gnu-tools-for-stm32.13.3.rel1.macos64_1.0.0.202411102158/tools/bin/../lib/gcc/arm-none-eabi/13.3.1/thumb/v8-m.main+fp/hard/crtbegin.o
 *(.bss*)
 *(COMMON)
                0x2000001c                        . = ALIGN (0x4)
                0x2000001c                        _ebss = .
                0x2000001c                        __bss_end__ = _ebss

._user_heap_stack
                0x2000001c      0x604 load address 0x080003cc
                0x20000020                        . = ALIGN (0x8)
 *fill*         0x2000001c        0x4 
                [!provide]                        PROVIDE (end = .)
                0x20000020                        PROVIDE (_end = .)
                0x20000220                        . = (. + _Min_Heap_Size)
 *fill*         0x20000020      0x200 
                0x20000620                        . = (. + _Min_Stack_Size)
 *fill*         0x20000220      0x400 
                0x20000620                        . = ALIGN (0x8)

/DISCARD/
 libc.a(*)
 libm.a(*)
 libgcc.a(*)

.ARM.attributes
                0x00000000       0x36
 *(.ARM.attributes)
 .ARM.attributes
                0x00000000       0x26 /Applications/STM32CubeIDE.app/Contents/Eclipse/plugins/com.st.stm32cube.ide.mcu.externaltools.gnu-tools-for-stm32.13.3.rel1.macos64_1.0.0.202411102158/tools/bin/../lib/gcc/arm-none-eabi/13.3.1/thumb/v8-m.main+fp/hard/crti.o
 .ARM.attributes
                0x00000026       0x38 /Applications/STM32CubeIDE.app/Contents/Eclipse/plugins/com.st.stm32cube.ide.mcu.externaltools.gnu-tools-for-stm32.13.3.rel1.macos64_1.0.0.202411102158/tools/bin/../lib/gcc/arm-none-eabi/13.3.1/thumb/v8-m.main+fp/hard/crtbegin.o
 .ARM.attributes
                0x0000005e       0x3a ./Src/main.o
 .ARM.attributes
                0x00000098       0x3a ./Src/practice1_gpio.o
 .ARM.attributes
                0x000000d2       0x24 ./Startup/startup_stm32l552zetxq.o
 .ARM.attributes
                0x000000f6       0x38 /Applications/STM32CubeIDE.app/Contents/Eclipse/plugins/com.st.stm32cube.ide.mcu.externaltools.gnu-tools-for-stm32.13.3.rel1.macos64_1.0.0.202411102158/tools/bin/../lib/gcc/arm-none-eabi/13.3.1/../../../../arm-none-eabi/lib/thumb/v8-m.main+fp/hard/libc_nano.a(libc_a-init.o)
 .ARM.attributes
                0x0000012e       0x26 /Applications/STM32CubeIDE.app/Contents/Eclipse/plugins/com.st.stm32cube.ide.mcu.externaltools.gnu-tools-for-stm32.13.3.rel1.macos64_1.0.0.202411102158/tools/bin/../lib/gcc/arm-none-eabi/13.3.1/thumb/v8-m.main+fp/hard/crtn.o
OUTPUT(project_try.elf elf32-littlearm)
LOAD linker stubs
LOAD /Applications/STM32CubeIDE.app/Contents/Eclipse/plugins/com.st.stm32cube.ide.mcu.externaltools.gnu-tools-for-stm32.13.3.rel1.macos64_1.0.0.202411102158/tools/bin/../lib/gcc/arm-none-eabi/13.3.1/../../../../arm-none-eabi/lib/thumb/v8-m.main+fp/hard/libc.a
LOAD /Applications/STM32CubeIDE.app/Contents/Eclipse/plugins/com.st.stm32cube.ide.mcu.externaltools.gnu-tools-for-stm32.13.3.rel1.macos64_1.0.0.202411102158/tools/bin/../lib/gcc/arm-none-eabi/13.3.1/../../../../arm-none-eabi/lib/thumb/v8-m.main+fp/hard/libm.a
LOAD /Applications/STM32CubeIDE.app/Contents/Eclipse/plugins/com.st.stm32cube.ide.mcu.externaltools.gnu-tools-for-stm32.13.3.rel1.macos64_1.0.0.202411102158/tools/bin/../lib/gcc/arm-none-eabi/13.3.1/thumb/v8-m.main+fp/hard/libgcc.a

.debug_info     0x00000000      0x1f2
 .debug_info    0x00000000       0x93 ./Src/main.o
 .debug_info    0x00000093      0x12f ./Src/practice1_gpio.o
 .debug_info    0x000001c2       0x30 ./Startup/startup_stm32l552zetxq.o

.debug_abbrev   0x00000000      0x12f
 .debug_abbrev  0x00000000       0x5c ./Src/main.o
 .debug_abbrev  0x0000005c       0xaf ./Src/practice1_gpio.o
 .debug_abbrev  0x0000010b       0x24 ./Startup/startup_stm32l552zetxq.o

.debug_aranges  0x00000000       0x70
 .debug_aranges
                0x00000000       0x20 ./Src/main.o
 .debug_aranges
                0x00000020       0x28 ./Src/practice1_gpio.o
 .debug_aranges
                0x00000048       0x28 ./Startup/startup_stm32l552zetxq.o

.debug_rnglists
                0x00000000       0x45
 .debug_rnglists
                0x00000000       0x13 ./Src/main.o
 .debug_rnglists
                0x00000013       0x19 ./Src/practice1_gpio.o
 .debug_rnglists
                0x0000002c       0x19 ./Startup/startup_stm32l552zetxq.o

.debug_macro    0x00000000     0x1041
 .debug_macro   0x00000000       0x77 ./Src/main.o
 .debug_macro   0x00000077      0xaea ./Src/main.o
 .debug_macro   0x00000b61       0x22 ./Src/main.o
 .debug_macro   0x00000b83       0x8e ./Src/main.o
 .debug_macro   0x00000c11       0x51 ./Src/main.o
 .debug_macro   0x00000c62      0x103 ./Src/main.o
 .debug_macro   0x00000d65       0x6a ./Src/main.o
 .debug_macro   0x00000dcf      0x1df ./Src/main.o
 .debug_macro   0x00000fae       0x93 ./Src/practice1_gpio.o

.debug_line     0x00000000      0x832
 .debug_line    0x00000000      0x3bd ./Src/main.o
 .debug_line    0x000003bd      0x3fa ./Src/practice1_gpio.o
 .debug_line    0x000007b7       0x7b ./Startup/startup_stm32l552zetxq.o

.debug_str      0x00000000     0x3e5f
 .debug_str     0x00000000     0x3e5f ./Src/main.o
                               0x3dd7 (size before relaxing)
 .debug_str     0x00003e5f     0x3f66 ./Src/practice1_gpio.o
 .debug_str     0x00003e5f       0x68 ./Startup/startup_stm32l552zetxq.o

.comment        0x00000000       0x43
 .comment       0x00000000       0x43 ./Src/main.o
                                 0x44 (size before relaxing)
 .comment       0x00000043       0x44 ./Src/practice1_gpio.o

.debug_frame    0x00000000       0xac
 .debug_frame   0x00000000       0x2c ./Src/main.o
 .debug_frame   0x0000002c       0x54 ./Src/practice1_gpio.o
 .debug_frame   0x00000080       0x2c /Applications/STM32CubeIDE.app/Contents/Eclipse/plugins/com.st.stm32cube.ide.mcu.externaltools.gnu-tools-for-stm32.13.3.rel1.macos64_1.0.0.202411102158/tools/bin/../lib/gcc/arm-none-eabi/13.3.1/../../../../arm-none-eabi/lib/thumb/v8-m.main+fp/hard/libc_nano.a(libc_a-init.o)

.debug_line_str
                0x00000000       0x4c
 .debug_line_str
                0x00000000       0x4c ./Startup/startup_stm32l552zetxq.o
